
  Ô¿»
  ÔöÇÔöÇÔöÇÔöÇÔöÇÔöÇÔöÇÔöÇÔöÇÔöÇÔöÇÔöÇÔöÇÔöÇÔöÇÔöÇÔöÇÔöÇÔöÇÔöÇÔöÇÔöÇÔöÇÔöÇÔöÇÔöÇÔöÇÔöÇÔöÇÔöÇÔöÇÔöÇÔöÇÔöÇÔöÇÔöÇÔöÇÔöÇÔöÇÔöÇÔöÇ  
   FAILED  Tests\Feature\GuestDetailTestÔÇª    
  Expected response status code [200] but received 500.
Failed asserting that 500 is identical to 200.

The following exception occurred during the last request:

Exception: Flux component [icon.users-2] does not exist. in C:\Users\raul_\Documentos\Proyectos\Personal\boda-app\storage\framework\views\4bf822f5ef0a65175769cf205115fa01.php:40
Stack trace:
#0 C:\Users\raul_\Documentos\Proyectos\Personal\boda-app\storage\framework\views\5683528b4d895f1973953724c53f7967.php(98): _4bf822f5ef0a65175769cf205115fa01(Object(Livewire\Blaze\Runtime\BlazeRuntime), NULL, NULL, NULL, NULL)
#1 C:\Users\raul_\Documentos\Proyectos\Personal\boda-app\storage\framework\views\e1d388ef1f09bd5627ede6cc9c57044d.php(178): _5683528b4d895f1973953724c53f7967(Object(Livewire\Blaze\Runtime\BlazeRuntime), NULL, NULL, NULL, NULL)
#2 C:\Users\raul_\Documentos\Proyectos\Personal\boda-app\vendor\laravel\framework\src\Illuminate\Filesystem\Filesystem.php(123): require('C:\\Users\\raul_\\...')
#3 C:\Users\raul_\Documentos\Proyectos\Personal\boda-app\vendor\laravel\framework\src\Illuminate\Filesystem\Filesystem.php(124): Illuminate\Filesystem\Filesystem::{closure:Illuminate\Filesystem\Filesystem::getRequire():120}()
#4 C:\Users\raul_\Documentos\Proyectos\Personal\boda-app\vendor\laravel\framework\src\Illuminate\View\Engines\PhpEngine.php(57): Illuminate\Filesystem\Filesystem->getRequire('C:\\Users\\raul_\\...', Array)
#5 C:\Users\raul_\Documentos\Proyectos\Personal\boda-app\vendor\livewire\livewire\src\Mechanisms\ExtendBlade\ExtendedCompilerEngine.php(22): Illuminate\View\Engines\PhpEngine->evaluatePath('C:\\Users\\raul_\\...', Array)
#6 C:\Users\raul_\Documentos\Proyectos\Personal\boda-app\vendor\laravel\framework\src\Illuminate\View\Engines\CompilerEngine.php(76): Livewire\Mechanisms\ExtendBlade\ExtendedCompilerEngine->evaluatePath('C:\\Users\\raul_\\...', Array)
#7 C:\Users\raul_\Documentos\Proyectos\Personal\boda-app\vendor\livewire\livewire\src\Mechanisms\ExtendBlade\ExtendedCompilerEngine.php(10): Illuminate\View\Engines\CompilerEngine->get('C:\\Users\\raul_\\...', Array)
#8 C:\Users\raul_\Documentos\Proyectos\Personal\boda-app\vendor\laravel\framework\src\Illuminate\View\View.php(208): Livewire\Mechanisms\ExtendBlade\ExtendedCompilerEngine->get('C:\\Users\\raul_\\...', Array)
#9 C:\Users\raul_\Documentos\Proyectos\Personal\boda-app\vendor\laravel\framework\src\Illuminate\View\View.php(191): Illuminate\View\View->getContents()
#10 C:\Users\raul_\Documentos\Proyectos\Personal\boda-app\vendor\laravel\framework\src\Illuminate\View\View.php(160): Illuminate\View\View->renderContents()
#11 C:\Users\raul_\Documentos\Proyectos\Personal\boda-app\vendor\laravel\framework\src\Illuminate\View\Concerns\ManagesComponents.php(103): Illuminate\View\View->render()
#12 C:\Users\raul_\Documentos\Proyectos\Personal\boda-app\storage\framework\views\dd9de28be0911d4cec202ffb6f00832c.php(48): Illuminate\View\Factory->renderComponent()
#13 C:\Users\raul_\Documentos\Proyectos\Personal\boda-app\vendor\laravel\framework\src\Illuminate\Filesystem\Filesystem.php(123): require('C:\\Users\\raul_\\...')
#14 C:\Users\raul_\Documentos\Proyectos\Personal\boda-app\vendor\laravel\framework\src\Illuminate\Filesystem\Filesystem.php(124): Illuminate\Filesystem\Filesystem::{closure:Illuminate\Filesystem\Filesystem::getRequire():120}()
#15 C:\Users\raul_\Documentos\Proyectos\Personal\boda-app\vendor\laravel\framework\src\Illuminate\View\Engines\PhpEngine.php(57): Illuminate\Filesystem\Filesystem->getRequire('C:\\Users\\raul_\\...', Array)
#16 C:\Users\raul_\Documentos\Proyectos\Personal\boda-app\vendor\livewire\livewire\src\Mechanisms\ExtendBlade\ExtendedCompilerEngine.php(22): Illuminate\View\Engines\PhpEngine->evaluatePath('C:\\Users\\raul_\\...', Array)
#17 C:\Users\raul_\Documentos\Proyectos\Personal\boda-app\vendor\laravel\framework\src\Illuminate\View\Engines\CompilerEngine.php(76): Livewire\Mechanisms\ExtendBlade\ExtendedCompilerEngine->evaluatePath('C:\\Users\\raul_\\...', Array)
#18 C:\Users\raul_\Documentos\Proyectos\Personal\boda-app\vendor\livewire\livewire\src\Mechanisms\ExtendBlade\ExtendedCompilerEngine.php(10): Illuminate\View\Engines\CompilerEngine->get('C:\\Users\\raul_\\...', Array)
#19 C:\Users\raul_\Documentos\Proyectos\Personal\boda-app\vendor\laravel\framework\src\Illuminate\View\View.php(208): Livewire\Mechanisms\ExtendBlade\ExtendedCompilerEngine->get('C:\\Users\\raul_\\...', Array)
#20 C:\Users\raul_\Documentos\Proyectos\Personal\boda-app\vendor\laravel\framework\src\Illuminate\View\View.php(191): Illuminate\View\View->getContents()
#21 C:\Users\raul_\Documentos\Proyectos\Personal\boda-app\vendor\laravel\framework\src\Illuminate\View\View.php(160): Illuminate\View\View->renderContents()
#22 C:\Users\raul_\Documentos\Proyectos\Personal\boda-app\vendor\laravel\framework\src\Illuminate\Http\Response.php(78): Illuminate\View\View->render()
#23 C:\Users\raul_\Documentos\Proyectos\Personal\boda-app\vendor\laravel\framework\src\Illuminate\Http\Response.php(34): Illuminate\Http\Response->setContent(Object(Illuminate\View\View))
#24 C:\Users\raul_\Documentos\Proyectos\Personal\boda-app\vendor\laravel\framework\src\Illuminate\Routing\Router.php(939): Illuminate\Http\Response->__construct(Object(Illuminate\View\View), 200, Array)
#25 C:\Users\raul_\Documentos\Proyectos\Personal\boda-app\vendor\laravel\framework\src\Illuminate\Support\Facades\Facade.php(363): Illuminate\Routing\Router::toResponse(Object(Illuminate\Http\Request), Object(Illuminate\View\View))
#26 C:\Users\raul_\Documentos\Proyectos\Personal\boda-app\vendor\laravel\folio\src\RequestHandler.php(102): Illuminate\Support\Facades\Facade::__callStatic('toResponse', Array)
#27 C:\Users\raul_\Documentos\Proyectos\Personal\boda-app\vendor\laravel\folio\src\RequestHandler.php(62): Laravel\Folio\RequestHandler->toResponse(Object(Illuminate\Http\Request), Object(Laravel\Folio\Pipeline\MatchedView))
#28 C:\Users\raul_\Documentos\Proyectos\Personal\boda-app\vendor\laravel\framework\src\Illuminate\Pipeline\Pipeline.php(180): Laravel\Folio\RequestHandler->{closure:Laravel\Folio\RequestHandler::__invoke():55}(Object(Illuminate\Http\Request))
#29 C:\Users\raul_\Documentos\Proyectos\Personal\boda-app\vendor\laravel\framework\src\Illuminate\Auth\Middleware\EnsureEmailIsVerified.php(41): Illuminate\Pipeline\Pipeline->{closure:Illuminate\Pipeline\Pipeline::prepareDestination():178}(Object(Illuminate\Http\Request))
#30 C:\Users\raul_\Documentos\Proyectos\Personal\boda-app\vendor\laravel\framework\src\Illuminate\Pipeline\Pipeline.php(219): Illuminate\Auth\Middleware\EnsureEmailIsVerified->handle(Object(Illuminate\Http\Request), Object(Closure))
#31 C:\Users\raul_\Documentos\Proyectos\Personal\boda-app\vendor\laravel\framework\src\Illuminate\Routing\Middleware\SubstituteBindings.php(50): Illuminate\Pipeline\Pipeline->{closure:{closure:Illuminate\Pipeline\Pipeline::carry():194}:195}(Object(Illuminate\Http\Request))
#32 C:\Users\raul_\Documentos\Proyectos\Personal\boda-app\vendor\laravel\framework\src\Illuminate\Pipeline\Pipeline.php(219): Illuminate\Routing\Middleware\SubstituteBindings->handle(Object(Illuminate\Http\Request), Object(Closure))
#33 C:\Users\raul_\Documentos\Proyectos\Personal\boda-app\vendor\laravel\framework\src\Illuminate\Auth\Middleware\Authenticate.php(63): Illuminate\Pipeline\Pipeline->{closure:{closure:Illuminate\Pipeline\Pipeline::carry():194}:195}(Object(Illuminate\Http\Request))
#34 C:\Users\raul_\Documentos\Proyectos\Personal\boda-app\vendor\laravel\framework\src\Illuminate\Pipeline\Pipeline.php(219): Illuminate\Auth\Middleware\Authenticate->handle(Object(Illuminate\Http\Request), Object(Closure))
#35 C:\Users\raul_\Documentos\Proyectos\Personal\boda-app\vendor\laravel\framework\src\Illuminate\Foundation\Http\Middleware\VerifyCsrfToken.php(87): Illuminate\Pipeline\Pipeline->{closure:{closure:Illuminate\Pipeline\Pipeline::carry():194}:195}(Object(Illuminate\Http\Request))
#36 C:\Users\raul_\Documentos\Proyectos\Personal\boda-app\vendor\laravel\framework\src\Illuminate\Pipeline\Pipeline.php(219): Illuminate\Foundation\Http\Middleware\VerifyCsrfToken->handle(Object(Illuminate\Http\Request), Object(Closure))
#37 C:\Users\raul_\Documentos\Proyectos\Personal\boda-app\vendor\laravel\framework\src\Illuminate\View\Middleware\ShareErrorsFromSession.php(48): Illuminate\Pipeline\Pipeline->{closure:{closure:Illuminate\Pipeline\Pipeline::carry():194}:195}(Object(Illuminate\Http\Request))
#38 C:\Users\raul_\Documentos\Proyectos\Personal\boda-app\vendor\laravel\framework\src\Illuminate\Pipeline\Pipeline.php(219): Illuminate\View\Middleware\ShareErrorsFromSession->handle(Object(Illuminate\Http\Request), Object(Closure))
#39 C:\Users\raul_\Documentos\Proyectos\Personal\boda-app\vendor\laravel\framework\src\Illuminate\Session\Middleware\StartSession.php(120): Illuminate\Pipeline\Pipeline->{closure:{closure:Illuminate\Pipeline\Pipeline::carry():194}:195}(Object(Illuminate\Http\Request))
#40 C:\Users\raul_\Documentos\Proyectos\Personal\boda-app\vendor\laravel\framework\src\Illuminate\Session\Middleware\StartSession.php(63): Illuminate\Session\Middleware\StartSession->handleStatefulRequest(Object(Illuminate\Http\Request), Object(Illuminate\Session\Store), Object(Closure))
#41 C:\Users\raul_\Documentos\Proyectos\Personal\boda-app\vendor\laravel\framework\src\Illuminate\Pipeline\Pipeline.php(219): Illuminate\Session\Middleware\StartSession->handle(Object(Illuminate\Http\Request), Object(Closure))
#42 C:\Users\raul_\Documentos\Proyectos\Personal\boda-app\vendor\laravel\framework\src\Illuminate\Cookie\Middleware\AddQueuedCookiesToResponse.php(36): Illuminate\Pipeline\Pipeline->{closure:{closure:Illuminate\Pipeline\Pipeline::carry():194}:195}(Object(Illuminate\Http\Request))
#43 C:\Users\raul_\Documentos\Proyectos\Personal\boda-app\vendor\laravel\framework\src\Illuminate\Pipeline\Pipeline.php(219): Illuminate\Cookie\Middleware\AddQueuedCookiesToResponse->handle(Object(Illuminate\Http\Request), Object(Closure))
#44 C:\Users\raul_\Documentos\Proyectos\Personal\boda-app\vendor\laravel\framework\src\Illuminate\Cookie\Middleware\EncryptCookies.php(74): Illuminate\Pipeline\Pipeline->{closure:{closure:Illuminate\Pipeline\Pipeline::carry():194}:195}(Object(Illuminate\Http\Request))
#45 C:\Users\raul_\Documentos\Proyectos\Personal\boda-app\vendor\laravel\framework\src\Illuminate\Pipeline\Pipeline.php(219): Illuminate\Cookie\Middleware\EncryptCookies->handle(Object(Illuminate\Http\Request), Object(Closure))
#46 C:\Users\raul_\Documentos\Proyectos\Personal\boda-app\vendor\laravel\framework\src\Illuminate\Pipeline\Pipeline.php(137): Illuminate\Pipeline\Pipeline->{closure:{closure:Illuminate\Pipeline\Pipeline::carry():194}:195}(Object(Illuminate\Http\Request))
#47 C:\Users\raul_\Documentos\Proyectos\Personal\boda-app\vendor\laravel\folio\src\RequestHandler.php(55): Illuminate\Pipeline\Pipeline->then(Object(Closure))
#48 C:\Users\raul_\Documentos\Proyectos\Personal\boda-app\vendor\laravel\folio\src\FolioManager.php(93): Laravel\Folio\RequestHandler->__invoke(Object(Illuminate\Http\Request))
#49 C:\Users\raul_\Documentos\Proyectos\Personal\boda-app\vendor\laravel\framework\src\Illuminate\Routing\CallableDispatcher.php(39): Laravel\Folio\FolioManager->{closure:Laravel\Folio\FolioManager::handler():82}(Object(Illuminate\Http\Request), 'invitados/aleja...')
#50 C:\Users\raul_\Documentos\Proyectos\Personal\boda-app\vendor\laravel\framework\src\Illuminate\Routing\Route.php(243): Illuminate\Routing\CallableDispatcher->dispatch(Object(Illuminate\Routing\Route), Object(Closure))
#51 C:\Users\raul_\Documentos\Proyectos\Personal\boda-app\vendor\laravel\framework\src\Illuminate\Routing\Route.php(214): Illuminate\Routing\Route->runCallable()
#52 C:\Users\raul_\Documentos\Proyectos\Personal\boda-app\vendor\laravel\framework\src\Illuminate\Routing\Router.php(822): Illuminate\Routing\Route->run()
#53 C:\Users\raul_\Documentos\Proyectos\Personal\boda-app\vendor\laravel\framework\src\Illuminate\Pipeline\Pipeline.php(180): Illuminate\Routing\Router->{closure:Illuminate\Routing\Router::runRouteWithinStack():821}(Object(Illuminate\Http\Request))
#54 C:\Users\raul_\Documentos\Proyectos\Personal\boda-app\vendor\laravel\framework\src\Illuminate\Pipeline\Pipeline.php(137): Illuminate\Pipeline\Pipeline->{closure:Illuminate\Pipeline\Pipeline::prepareDestination():178}(Object(Illuminate\Http\Request))
#55 C:\Users\raul_\Documentos\Proyectos\Personal\boda-app\vendor\laravel\framework\src\Illuminate\Routing\Router.php(821): Illuminate\Pipeline\Pipeline->then(Object(Closure))
#56 C:\Users\raul_\Documentos\Proyectos\Personal\boda-app\vendor\laravel\framework\src\Illuminate\Routing\Router.php(800): Illuminate\Routing\Router->runRouteWithinStack(Object(Illuminate\Routing\Route), Object(Illuminate\Http\Request))
#57 C:\Users\raul_\Documentos\Proyectos\Personal\boda-app\vendor\laravel\framework\src\Illuminate\Routing\Router.php(764): Illuminate\Routing\Router->runRoute(Object(Illuminate\Http\Request), Object(Illuminate\Routing\Route))
#58 C:\Users\raul_\Documentos\Proyectos\Personal\boda-app\vendor\laravel\framework\src\Illuminate\Routing\Router.php(753): Illuminate\Routing\Router->dispatchToRoute(Object(Illuminate\Http\Request))
#59 C:\Users\raul_\Documentos\Proyectos\Personal\boda-app\vendor\laravel\framework\src\Illuminate\Foundation\Http\Kernel.php(200): Illuminate\Routing\Router->dispatch(Object(Illuminate\Http\Request))
#60 C:\Users\raul_\Documentos\Proyectos\Personal\boda-app\vendor\laravel\framework\src\Illuminate\Pipeline\Pipeline.php(180): Illuminate\Foundation\Http\Kernel->{closure:Illuminate\Foundation\Http\Kernel::dispatchToRouter():197}(Object(Illuminate\Http\Request))
#61 C:\Users\raul_\Documentos\Proyectos\Personal\boda-app\vendor\livewire\livewire\src\Features\SupportDisablingBackButtonCache\DisableBackButtonCacheMiddleware.php(19): Illuminate\Pipeline\Pipeline->{closure:Illuminate\Pipeline\Pipeline::prepareDestination():178}(Object(Illuminate\Http\Request))
#62 C:\Users\raul_\Documentos\Proyectos\Personal\boda-app\vendor\laravel\framework\src\Illuminate\Pipeline\Pipeline.php(219): Livewire\Features\SupportDisablingBackButtonCache\DisableBackButtonCacheMiddleware->handle(Object(Illuminate\Http\Request), Object(Closure))
#63 C:\Users\raul_\Documentos\Proyectos\Personal\boda-app\vendor\laravel\framework\src\Illuminate\Foundation\Http\Middleware\TransformsRequest.php(21): Illuminate\Pipeline\Pipeline->{closure:{closure:Illuminate\Pipeline\Pipeline::carry():194}:195}(Object(Illuminate\Http\Request))
#64 C:\Users\raul_\Documentos\Proyectos\Personal\boda-app\vendor\laravel\framework\src\Illuminate\Foundation\Http\Middleware\ConvertEmptyStringsToNull.php(31): Illuminate\Foundation\Http\Middleware\TransformsRequest->handle(Object(Illuminate\Http\Request), Object(Closure))
#65 C:\Users\raul_\Documentos\Proyectos\Personal\boda-app\vendor\laravel\framework\src\Illuminate\Pipeline\Pipeline.php(219): Illuminate\Foundation\Http\Middleware\ConvertEmptyStringsToNull->handle(Object(Illuminate\Http\Request), Object(Closure))
#66 C:\Users\raul_\Documentos\Proyectos\Personal\boda-app\vendor\laravel\framework\src\Illuminate\Foundation\Http\Middleware\TransformsRequest.php(21): Illuminate\Pipeline\Pipeline->{closure:{closure:Illuminate\Pipeline\Pipeline::carry():194}:195}(Object(Illuminate\Http\Request))
#67 C:\Users\raul_\Documentos\Proyectos\Personal\boda-app\vendor\laravel\framework\src\Illuminate\Foundation\Http\Middleware\TrimStrings.php(51): Illuminate\Foundation\Http\Middleware\TransformsRequest->handle(Object(Illuminate\Http\Request), Object(Closure))
#68 C:\Users\raul_\Documentos\Proyectos\Personal\boda-app\vendor\laravel\framework\src\Illuminate\Pipeline\Pipeline.php(219): Illuminate\Foundation\Http\Middleware\TrimStrings->handle(Object(Illuminate\Http\Request), Object(Closure))
#69 C:\Users\raul_\Documentos\Proyectos\Personal\boda-app\vendor\laravel\framework\src\Illuminate\Http\Middleware\ValidatePostSize.php(27): Illuminate\Pipeline\Pipeline->{closure:{closure:Illuminate\Pipeline\Pipeline::carry():194}:195}(Object(Illuminate\Http\Request))
#70 C:\Users\raul_\Documentos\Proyectos\Personal\boda-app\vendor\laravel\framework\src\Illuminate\Pipeline\Pipeline.php(219): Illuminate\Http\Middleware\ValidatePostSize->handle(Object(Illuminate\Http\Request), Object(Closure))
#71 C:\Users\raul_\Documentos\Proyectos\Personal\boda-app\vendor\laravel\framework\src\Illuminate\Foundation\Http\Middleware\PreventRequestsDuringMaintenance.php(109): Illuminate\Pipeline\Pipeline->{closure:{closure:Illuminate\Pipeline\Pipeline::carry():194}:195}(Object(Illuminate\Http\Request))
#72 C:\Users\raul_\Documentos\Proyectos\Personal\boda-app\vendor\laravel\framework\src\Illuminate\Pipeline\Pipeline.php(219): Illuminate\Foundation\Http\Middleware\PreventRequestsDuringMaintenance->handle(Object(Illuminate\Http\Request), Object(Closure))
#73 C:\Users\raul_\Documentos\Proyectos\Personal\boda-app\vendor\laravel\framework\src\Illuminate\Http\Middleware\HandleCors.php(61): Illuminate\Pipeline\Pipeline->{closure:{closure:Illuminate\Pipeline\Pipeline::carry():194}:195}(Object(Illuminate\Http\Request))
#74 C:\Users\raul_\Documentos\Proyectos\Personal\boda-app\vendor\laravel\framework\src\Illuminate\Pipeline\Pipeline.php(219): Illuminate\Http\Middleware\HandleCors->handle(Object(Illuminate\Http\Request), Object(Closure))
#75 C:\Users\raul_\Documentos\Proyectos\Personal\boda-app\vendor\laravel\framework\src\Illuminate\Http\Middleware\TrustProxies.php(58): Illuminate\Pipeline\Pipeline->{closure:{closure:Illuminate\Pipeline\Pipeline::carry():194}:195}(Object(Illuminate\Http\Request))
#76 C:\Users\raul_\Documentos\Proyectos\Personal\boda-app\vendor\laravel\framework\src\Illuminate\Pipeline\Pipeline.php(219): Illuminate\Http\Middleware\TrustProxies->handle(Object(Illuminate\Http\Request), Object(Closure))
#77 C:\Users\raul_\Documentos\Proyectos\Personal\boda-app\vendor\laravel\framework\src\Illuminate\Foundation\Http\Middleware\InvokeDeferredCallbacks.php(22): Illuminate\Pipeline\Pipeline->{closure:{closure:Illuminate\Pipeline\Pipeline::carry():194}:195}(Object(Illuminate\Http\Request))
#78 C:\Users\raul_\Documentos\Proyectos\Personal\boda-app\vendor\laravel\framework\src\Illuminate\Pipeline\Pipeline.php(219): Illuminate\Foundation\Http\Middleware\InvokeDeferredCallbacks->handle(Object(Illuminate\Http\Request), Object(Closure))
#79 C:\Users\raul_\Documentos\Proyectos\Personal\boda-app\vendor\laravel\framework\src\Illuminate\Http\Middleware\ValidatePathEncoding.php(26): Illuminate\Pipeline\Pipeline->{closure:{closure:Illuminate\Pipeline\Pipeline::carry():194}:195}(Object(Illuminate\Http\Request))
#80 C:\Users\raul_\Documentos\Proyectos\Personal\boda-app\vendor\laravel\framework\src\Illuminate\Pipeline\Pipeline.php(219): Illuminate\Http\Middleware\ValidatePathEncoding->handle(Object(Illuminate\Http\Request), Object(Closure))
#81 C:\Users\raul_\Documentos\Proyectos\Personal\boda-app\vendor\laravel\framework\src\Illuminate\Pipeline\Pipeline.php(137): Illuminate\Pipeline\Pipeline->{closure:{closure:Illuminate\Pipeline\Pipeline::carry():194}:195}(Object(Illuminate\Http\Request))
#82 C:\Users\raul_\Documentos\Proyectos\Personal\boda-app\vendor\laravel\framework\src\Illuminate\Foundation\Http\Kernel.php(175): Illuminate\Pipeline\Pipeline->then(Object(Closure))
#83 C:\Users\raul_\Documentos\Proyectos\Personal\boda-app\vendor\laravel\framework\src\Illuminate\Foundation\Http\Kernel.php(144): Illuminate\Foundation\Http\Kernel->sendRequestThroughRouter(Object(Illuminate\Http\Request))
#84 C:\Users\raul_\Documentos\Proyectos\Personal\boda-app\vendor\laravel\framework\src\Illuminate\Foundation\Testing\Concerns\MakesHttpRequests.php(607): Illuminate\Foundation\Http\Kernel->handle(Object(Illuminate\Http\Request))
#85 C:\Users\raul_\Documentos\Proyectos\Personal\boda-app\vendor\laravel\framework\src\Illuminate\Foundation\Testing\Concerns\MakesHttpRequests.php(368): Illuminate\Foundation\Testing\TestCase->call('GET', '/invitados/alej...', Array, Array, Array, Array)
#86 C:\Users\raul_\Documentos\Proyectos\Personal\boda-app\tests\Feature\GuestDetailTest.php(23): Illuminate\Foundation\Testing\TestCase->get('/invitados/alej...')
#87 C:\Users\raul_\Documentos\Proyectos\Personal\boda-app\vendor\pestphp\pest\src\Factories\TestCaseMethodFactory.php(172): P\Tests\Feature\GuestDetailTest->{closure:C:\Users\raul_\Documentos\Proyectos\Personal\boda-app\tests\Feature\GuestDetailTest.php:9}()
#88 [internal function]: P\Tests\Feature\GuestDetailTest->{closure:Pest\Factories\TestCaseMethodFactory::getClosure():162}()
#89 C:\Users\raul_\Documentos\Proyectos\Personal\boda-app\vendor\pestphp\pest\src\Concerns\Testable.php(429): call_user_func_array(Object(Closure), Array)
#90 C:\Users\raul_\Documentos\Proyectos\Personal\boda-app\vendor\pestphp\pest\src\Support\ExceptionTrace.php(26): P\Tests\Feature\GuestDetailTest->{closure:Pest\Concerns\Testable::__callClosure():429}()
#91 C:\Users\raul_\Documentos\Proyectos\Personal\boda-app\vendor\pestphp\pest\src\Concerns\Testable.php(429): Pest\Support\ExceptionTrace::ensure(Object(Closure))
#92 C:\Users\raul_\Documentos\Proyectos\Personal\boda-app\vendor\pestphp\pest\src\Concerns\Testable.php(331): P\Tests\Feature\GuestDetailTest->__callClosure(Object(Closure), Array)
#93 C:\Users\raul_\Documentos\Proyectos\Personal\boda-app\vendor\pestphp\pest\src\Factories\TestCaseFactory.php(170) : eval()'d code(17): P\Tests\Feature\GuestDetailTest->__runTest(Object(Closure))
#94 C:\Users\raul_\Documentos\Proyectos\Personal\boda-app\vendor\phpunit\phpunit\src\Framework\TestCase.php(1332): P\Tests\Feature\GuestDetailTest->__pest_evaluable_authenticated_user_can_view_guest_details_with_all_information()
#95 C:\Users\raul_\Documentos\Proyectos\Personal\boda-app\vendor\phpunit\phpunit\src\Framework\TestCase.php(519): PHPUnit\Framework\TestCase->runTest()
#96 C:\Users\raul_\Documentos\Proyectos\Personal\boda-app\vendor\phpunit\phpunit\src\Framework\TestRunner\TestRunner.php(99): PHPUnit\Framework\TestCase->runBare()
#97 C:\Users\raul_\Documentos\Proyectos\Personal\boda-app\vendor\phpunit\phpunit\src\Framework\TestCase.php(359): PHPUnit\Framework\TestRunner->run(Object(P\Tests\Feature\GuestDetailTest))
#98 C:\Users\raul_\Documentos\Proyectos\Personal\boda-app\vendor\phpunit\phpunit\src\Framework\TestSuite.php(374): PHPUnit\Framework\TestCase->run()
#99 C:\Users\raul_\Documentos\Proyectos\Personal\boda-app\vendor\phpunit\phpunit\src\Framework\TestSuite.php(374): PHPUnit\Framework\TestSuite->run()
#100 C:\Users\raul_\Documentos\Proyectos\Personal\boda-app\vendor\phpunit\phpunit\src\Framework\TestSuite.php(374): PHPUnit\Framework\TestSuite->run()
#101 C:\Users\raul_\Documentos\Proyectos\Personal\boda-app\vendor\phpunit\phpunit\src\TextUI\TestRunner.php(64): PHPUnit\Framework\TestSuite->run()
#102 C:\Users\raul_\Documentos\Proyectos\Personal\boda-app\vendor\phpunit\phpunit\src\TextUI\Application.php(229): PHPUnit\TextUI\TestRunner->run(Object(PHPUnit\TextUI\Configuration\Configuration), Object(PHPUnit\Runner\ResultCache\DefaultResultCache), Object(PHPUnit\Framework\TestSuite))
#103 C:\Users\raul_\Documentos\Proyectos\Personal\boda-app\vendor\pestphp\pest\src\Kernel.php(103): PHPUnit\TextUI\Application->run(Array)
#104 C:\Users\raul_\Documentos\Proyectos\Personal\boda-app\vendor\pestphp\pest\bin\pest(184): Pest\Kernel->handle(Array, Array)
#105 C:\Users\raul_\Documentos\Proyectos\Personal\boda-app\vendor\pestphp\pest\bin\pest(192): {closure:C:\Users\raul_\Documentos\Proyectos\Personal\boda-app\vendor\pestphp\pest\bin\pest:18}()
#106 {main}

Next Illuminate\View\ViewException: Flux component [icon.users-2] does not exist. (View: C:\Users\raul_\Documentos\Proyectos\Personal\boda-app\resources\views\components\layouts\app.blade.php) in C:\Users\raul_\Documentos\Proyectos\Personal\boda-app\storage\framework\views\4bf822f5ef0a65175769cf205115fa01.php:40
Stack trace:
#0 C:\Users\raul_\Documentos\Proyectos\Personal\boda-app\vendor\livewire\livewire\src\Mechanisms\ExtendBlade\ExtendedCompilerEngine.php(58): Illuminate\View\Engines\CompilerEngine->handleViewException(Object(Exception), 3)
#1 C:\Users\raul_\Documentos\Proyectos\Personal\boda-app\vendor\laravel\framework\src\Illuminate\View\Engines\PhpEngine.php(59): Livewire\Mechanisms\ExtendBlade\ExtendedCompilerEngine->handleViewException(Object(Exception), 3)
#2 C:\Users\raul_\Documentos\Proyectos\Personal\boda-app\vendor\livewire\livewire\src\Mechanisms\ExtendBlade\ExtendedCompilerEngine.php(22): Illuminate\View\Engines\PhpEngine->evaluatePath('C:\\Users\\raul_\\...', Array)
#3 C:\Users\raul_\Documentos\Proyectos\Personal\boda-app\vendor\laravel\framework\src\Illuminate\View\Engines\CompilerEngine.php(76): Livewire\Mechanisms\ExtendBlade\ExtendedCompilerEngine->evaluatePath('C:\\Users\\raul_\\...', Array)
#4 C:\Users\raul_\Documentos\Proyectos\Personal\boda-app\vendor\livewire\livewire\src\Mechanisms\ExtendBlade\ExtendedCompilerEngine.php(10): Illuminate\View\Engines\CompilerEngine->get('C:\\Users\\raul_\\...', Array)
#5 C:\Users\raul_\Documentos\Proyectos\Personal\boda-app\vendor\laravel\framework\src\Illuminate\View\View.php(208): Livewire\Mechanisms\ExtendBlade\ExtendedCompilerEngine->get('C:\\Users\\raul_\\...', Array)
#6 C:\Users\raul_\Documentos\Proyectos\Personal\boda-app\vendor\laravel\framework\src\Illuminate\View\View.php(191): Illuminate\View\View->getContents()
#7 C:\Users\raul_\Documentos\Proyectos\Personal\boda-app\vendor\laravel\framework\src\Illuminate\View\View.php(160): Illuminate\View\View->renderContents()
#8 C:\Users\raul_\Documentos\Proyectos\Personal\boda-app\vendor\laravel\framework\src\Illuminate\View\Concerns\ManagesComponents.php(103): Illuminate\View\View->render()
#9 C:\Users\raul_\Documentos\Proyectos\Personal\boda-app\storage\framework\views\dd9de28be0911d4cec202ffb6f00832c.php(48): Illuminate\View\Factory->renderComponent()
#10 C:\Users\raul_\Documentos\Proyectos\Personal\boda-app\vendor\laravel\framework\src\Illuminate\Filesystem\Filesystem.php(123): require('C:\\Users\\raul_\\...')
#11 C:\Users\raul_\Documentos\Proyectos\Personal\boda-app\vendor\laravel\framework\src\Illuminate\Filesystem\Filesystem.php(124): Illuminate\Filesystem\Filesystem::{closure:Illuminate\Filesystem\Filesystem::getRequire():120}()
#12 C:\Users\raul_\Documentos\Proyectos\Personal\boda-app\vendor\laravel\framework\src\Illuminate\View\Engines\PhpEngine.php(57): Illuminate\Filesystem\Filesystem->getRequire('C:\\Users\\raul_\\...', Array)
#13 C:\Users\raul_\Documentos\Proyectos\Personal\boda-app\vendor\livewire\livewire\src\Mechanisms\ExtendBlade\ExtendedCompilerEngine.php(22): Illuminate\View\Engines\PhpEngine->evaluatePath('C:\\Users\\raul_\\...', Array)
#14 C:\Users\raul_\Documentos\Proyectos\Personal\boda-app\vendor\laravel\framework\src\Illuminate\View\Engines\CompilerEngine.php(76): Livewire\Mechanisms\ExtendBlade\ExtendedCompilerEngine->evaluatePath('C:\\Users\\raul_\\...', Array)
#15 C:\Users\raul_\Documentos\Proyectos\Personal\boda-app\vendor\livewire\livewire\src\Mechanisms\ExtendBlade\ExtendedCompilerEngine.php(10): Illuminate\View\Engines\CompilerEngine->get('C:\\Users\\raul_\\...', Array)
#16 C:\Users\raul_\Documentos\Proyectos\Personal\boda-app\vendor\laravel\framework\src\Illuminate\View\View.php(208): Livewire\Mechanisms\ExtendBlade\ExtendedCompilerEngine->get('C:\\Users\\raul_\\...', Array)
#17 C:\Users\raul_\Documentos\Proyectos\Personal\boda-app\vendor\laravel\framework\src\Illuminate\View\View.php(191): Illuminate\View\View->getContents()
#18 C:\Users\raul_\Documentos\Proyectos\Personal\boda-app\vendor\laravel\framework\src\Illuminate\View\View.php(160): Illuminate\View\View->renderContents()
#19 C:\Users\raul_\Documentos\Proyectos\Personal\boda-app\vendor\laravel\framework\src\Illuminate\Http\Response.php(78): Illuminate\View\View->render()
#20 C:\Users\raul_\Documentos\Proyectos\Personal\boda-app\vendor\laravel\framework\src\Illuminate\Http\Response.php(34): Illuminate\Http\Response->setContent(Object(Illuminate\View\View))
#21 C:\Users\raul_\Documentos\Proyectos\Personal\boda-app\vendor\laravel\framework\src\Illuminate\Routing\Router.php(939): Illuminate\Http\Response->__construct(Object(Illuminate\View\View), 200, Array)
#22 C:\Users\raul_\Documentos\Proyectos\Personal\boda-app\vendor\laravel\framework\src\Illuminate\Support\Facades\Facade.php(363): Illuminate\Routing\Router::toResponse(Object(Illuminate\Http\Request), Object(Illuminate\View\View))
#23 C:\Users\raul_\Documentos\Proyectos\Personal\boda-app\vendor\laravel\folio\src\RequestHandler.php(102): Illuminate\Support\Facades\Facade::__callStatic('toResponse', Array)
#24 C:\Users\raul_\Documentos\Proyectos\Personal\boda-app\vendor\laravel\folio\src\RequestHandler.php(62): Laravel\Folio\RequestHandler->toResponse(Object(Illuminate\Http\Request), Object(Laravel\Folio\Pipeline\MatchedView))
#25 C:\Users\raul_\Documentos\Proyectos\Personal\boda-app\vendor\laravel\framework\src\Illuminate\Pipeline\Pipeline.php(180): Laravel\Folio\RequestHandler->{closure:Laravel\Folio\RequestHandler::__invoke():55}(Object(Illuminate\Http\Request))
#26 C:\Users\raul_\Documentos\Proyectos\Personal\boda-app\vendor\laravel\framework\src\Illuminate\Auth\Middleware\EnsureEmailIsVerified.php(41): Illuminate\Pipeline\Pipeline->{closure:Illuminate\Pipeline\Pipeline::prepareDestination():178}(Object(Illuminate\Http\Request))
#27 C:\Users\raul_\Documentos\Proyectos\Personal\boda-app\vendor\laravel\framework\src\Illuminate\Pipeline\Pipeline.php(219): Illuminate\Auth\Middleware\EnsureEmailIsVerified->handle(Object(Illuminate\Http\Request), Object(Closure))
#28 C:\Users\raul_\Documentos\Proyectos\Personal\boda-app\vendor\laravel\framework\src\Illuminate\Routing\Middleware\SubstituteBindings.php(50): Illuminate\Pipeline\Pipeline->{closure:{closure:Illuminate\Pipeline\Pipeline::carry():194}:195}(Object(Illuminate\Http\Request))
#29 C:\Users\raul_\Documentos\Proyectos\Personal\boda-app\vendor\laravel\framework\src\Illuminate\Pipeline\Pipeline.php(219): Illuminate\Routing\Middleware\SubstituteBindings->handle(Object(Illuminate\Http\Request), Object(Closure))
#30 C:\Users\raul_\Documentos\Proyectos\Personal\boda-app\vendor\laravel\framework\src\Illuminate\Auth\Middleware\Authenticate.php(63): Illuminate\Pipeline\Pipeline->{closure:{closure:Illuminate\Pipeline\Pipeline::carry():194}:195}(Object(Illuminate\Http\Request))
#31 C:\Users\raul_\Documentos\Proyectos\Personal\boda-app\vendor\laravel\framework\src\Illuminate\Pipeline\Pipeline.php(219): Illuminate\Auth\Middleware\Authenticate->handle(Object(Illuminate\Http\Request), Object(Closure))
#32 C:\Users\raul_\Documentos\Proyectos\Personal\boda-app\vendor\laravel\framework\src\Illuminate\Foundation\Http\Middleware\VerifyCsrfToken.php(87): Illuminate\Pipeline\Pipeline->{closure:{closure:Illuminate\Pipeline\Pipeline::carry():194}:195}(Object(Illuminate\Http\Request))
#33 C:\Users\raul_\Documentos\Proyectos\Personal\boda-app\vendor\laravel\framework\src\Illuminate\Pipeline\Pipeline.php(219): Illuminate\Foundation\Http\Middleware\VerifyCsrfToken->handle(Object(Illuminate\Http\Request), Object(Closure))
#34 C:\Users\raul_\Documentos\Proyectos\Personal\boda-app\vendor\laravel\framework\src\Illuminate\View\Middleware\ShareErrorsFromSession.php(48): Illuminate\Pipeline\Pipeline->{closure:{closure:Illuminate\Pipeline\Pipeline::carry():194}:195}(Object(Illuminate\Http\Request))
#35 C:\Users\raul_\Documentos\Proyectos\Personal\boda-app\vendor\laravel\framework\src\Illuminate\Pipeline\Pipeline.php(219): Illuminate\View\Middleware\ShareErrorsFromSession->handle(Object(Illuminate\Http\Request), Object(Closure))
#36 C:\Users\raul_\Documentos\Proyectos\Personal\boda-app\vendor\laravel\framework\src\Illuminate\Session\Middleware\StartSession.php(120): Illuminate\Pipeline\Pipeline->{closure:{closure:Illuminate\Pipeline\Pipeline::carry():194}:195}(Object(Illuminate\Http\Request))
#37 C:\Users\raul_\Documentos\Proyectos\Personal\boda-app\vendor\laravel\framework\src\Illuminate\Session\Middleware\StartSession.php(63): Illuminate\Session\Middleware\StartSession->handleStatefulRequest(Object(Illuminate\Http\Request), Object(Illuminate\Session\Store), Object(Closure))
#38 C:\Users\raul_\Documentos\Proyectos\Personal\boda-app\vendor\laravel\framework\src\Illuminate\Pipeline\Pipeline.php(219): Illuminate\Session\Middleware\StartSession->handle(Object(Illuminate\Http\Request), Object(Closure))
#39 C:\Users\raul_\Documentos\Proyectos\Personal\boda-app\vendor\laravel\framework\src\Illuminate\Cookie\Middleware\AddQueuedCookiesToResponse.php(36): Illuminate\Pipeline\Pipeline->{closure:{closure:Illuminate\Pipeline\Pipeline::carry():194}:195}(Object(Illuminate\Http\Request))
#40 C:\Users\raul_\Documentos\Proyectos\Personal\boda-app\vendor\laravel\framework\src\Illuminate\Pipeline\Pipeline.php(219): Illuminate\Cookie\Middleware\AddQueuedCookiesToResponse->handle(Object(Illuminate\Http\Request), Object(Closure))
#41 C:\Users\raul_\Documentos\Proyectos\Personal\boda-app\vendor\laravel\framework\src\Illuminate\Cookie\Middleware\EncryptCookies.php(74): Illuminate\Pipeline\Pipeline->{closure:{closure:Illuminate\Pipeline\Pipeline::carry():194}:195}(Object(Illuminate\Http\Request))
#42 C:\Users\raul_\Documentos\Proyectos\Personal\boda-app\vendor\laravel\framework\src\Illuminate\Pipeline\Pipeline.php(219): Illuminate\Cookie\Middleware\EncryptCookies->handle(Object(Illuminate\Http\Request), Object(Closure))
#43 C:\Users\raul_\Documentos\Proyectos\Personal\boda-app\vendor\laravel\framework\src\Illuminate\Pipeline\Pipeline.php(137): Illuminate\Pipeline\Pipeline->{closure:{closure:Illuminate\Pipeline\Pipeline::carry():194}:195}(Object(Illuminate\Http\Request))
#44 C:\Users\raul_\Documentos\Proyectos\Personal\boda-app\vendor\laravel\folio\src\RequestHandler.php(55): Illuminate\Pipeline\Pipeline->then(Object(Closure))
#45 C:\Users\raul_\Documentos\Proyectos\Personal\boda-app\vendor\laravel\folio\src\FolioManager.php(93): Laravel\Folio\RequestHandler->__invoke(Object(Illuminate\Http\Request))
#46 C:\Users\raul_\Documentos\Proyectos\Personal\boda-app\vendor\laravel\framework\src\Illuminate\Routing\CallableDispatcher.php(39): Laravel\Folio\FolioManager->{closure:Laravel\Folio\FolioManager::handler():82}(Object(Illuminate\Http\Request), 'invitados/aleja...')
#47 C:\Users\raul_\Documentos\Proyectos\Personal\boda-app\vendor\laravel\framework\src\Illuminate\Routing\Route.php(243): Illuminate\Routing\CallableDispatcher->dispatch(Object(Illuminate\Routing\Route), Object(Closure))
#48 C:\Users\raul_\Documentos\Proyectos\Personal\boda-app\vendor\laravel\framework\src\Illuminate\Routing\Route.php(214): Illuminate\Routing\Route->runCallable()
#49 C:\Users\raul_\Documentos\Proyectos\Personal\boda-app\vendor\laravel\framework\src\Illuminate\Routing\Router.php(822): Illuminate\Routing\Route->run()
#50 C:\Users\raul_\Documentos\Proyectos\Personal\boda-app\vendor\laravel\framework\src\Illuminate\Pipeline\Pipeline.php(180): Illuminate\Routing\Router->{closure:Illuminate\Routing\Router::runRouteWithinStack():821}(Object(Illuminate\Http\Request))
#51 C:\Users\raul_\Documentos\Proyectos\Personal\boda-app\vendor\laravel\framework\src\Illuminate\Pipeline\Pipeline.php(137): Illuminate\Pipeline\Pipeline->{closure:Illuminate\Pipeline\Pipeline::prepareDestination():178}(Object(Illuminate\Http\Request))
#52 C:\Users\raul_\Documentos\Proyectos\Personal\boda-app\vendor\laravel\framework\src\Illuminate\Routing\Router.php(821): Illuminate\Pipeline\Pipeline->then(Object(Closure))
#53 C:\Users\raul_\Documentos\Proyectos\Personal\boda-app\vendor\laravel\framework\src\Illuminate\Routing\Router.php(800): Illuminate\Routing\Router->runRouteWithinStack(Object(Illuminate\Routing\Route), Object(Illuminate\Http\Request))
#54 C:\Users\raul_\Documentos\Proyectos\Personal\boda-app\vendor\laravel\framework\src\Illuminate\Routing\Router.php(764): Illuminate\Routing\Router->runRoute(Object(Illuminate\Http\Request), Object(Illuminate\Routing\Route))
#55 C:\Users\raul_\Documentos\Proyectos\Personal\boda-app\vendor\laravel\framework\src\Illuminate\Routing\Router.php(753): Illuminate\Routing\Router->dispatchToRoute(Object(Illuminate\Http\Request))
#56 C:\Users\raul_\Documentos\Proyectos\Personal\boda-app\vendor\laravel\framework\src\Illuminate\Foundation\Http\Kernel.php(200): Illuminate\Routing\Router->dispatch(Object(Illuminate\Http\Request))
#57 C:\Users\raul_\Documentos\Proyectos\Personal\boda-app\vendor\laravel\framework\src\Illuminate\Pipeline\Pipeline.php(180): Illuminate\Foundation\Http\Kernel->{closure:Illuminate\Foundation\Http\Kernel::dispatchToRouter():197}(Object(Illuminate\Http\Request))
#58 C:\Users\raul_\Documentos\Proyectos\Personal\boda-app\vendor\livewire\livewire\src\Features\SupportDisablingBackButtonCache\DisableBackButtonCacheMiddleware.php(19): Illuminate\Pipeline\Pipeline->{closure:Illuminate\Pipeline\Pipeline::prepareDestination():178}(Object(Illuminate\Http\Request))
#59 C:\Users\raul_\Documentos\Proyectos\Personal\boda-app\vendor\laravel\framework\src\Illuminate\Pipeline\Pipeline.php(219): Livewire\Features\SupportDisablingBackButtonCache\DisableBackButtonCacheMiddleware->handle(Object(Illuminate\Http\Request), Object(Closure))
#60 C:\Users\raul_\Documentos\Proyectos\Personal\boda-app\vendor\laravel\framework\src\Illuminate\Foundation\Http\Middleware\TransformsRequest.php(21): Illuminate\Pipeline\Pipeline->{closure:{closure:Illuminate\Pipeline\Pipeline::carry():194}:195}(Object(Illuminate\Http\Request))
#61 C:\Users\raul_\Documentos\Proyectos\Personal\boda-app\vendor\laravel\framework\src\Illuminate\Foundation\Http\Middleware\ConvertEmptyStringsToNull.php(31): Illuminate\Foundation\Http\Middleware\TransformsRequest->handle(Object(Illuminate\Http\Request), Object(Closure))
#62 C:\Users\raul_\Documentos\Proyectos\Personal\boda-app\vendor\laravel\framework\src\Illuminate\Pipeline\Pipeline.php(219): Illuminate\Foundation\Http\Middleware\ConvertEmptyStringsToNull->handle(Object(Illuminate\Http\Request), Object(Closure))
#63 C:\Users\raul_\Documentos\Proyectos\Personal\boda-app\vendor\laravel\framework\src\Illuminate\Foundation\Http\Middleware\TransformsRequest.php(21): Illuminate\Pipeline\Pipeline->{closure:{closure:Illuminate\Pipeline\Pipeline::carry():194}:195}(Object(Illuminate\Http\Request))
#64 C:\Users\raul_\Documentos\Proyectos\Personal\boda-app\vendor\laravel\framework\src\Illuminate\Foundation\Http\Middleware\TrimStrings.php(51): Illuminate\Foundation\Http\Middleware\TransformsRequest->handle(Object(Illuminate\Http\Request), Object(Closure))
#65 C:\Users\raul_\Documentos\Proyectos\Personal\boda-app\vendor\laravel\framework\src\Illuminate\Pipeline\Pipeline.php(219): Illuminate\Foundation\Http\Middleware\TrimStrings->handle(Object(Illuminate\Http\Request), Object(Closure))
#66 C:\Users\raul_\Documentos\Proyectos\Personal\boda-app\vendor\laravel\framework\src\Illuminate\Http\Middleware\ValidatePostSize.php(27): Illuminate\Pipeline\Pipeline->{closure:{closure:Illuminate\Pipeline\Pipeline::carry():194}:195}(Object(Illuminate\Http\Request))
#67 C:\Users\raul_\Documentos\Proyectos\Personal\boda-app\vendor\laravel\framework\src\Illuminate\Pipeline\Pipeline.php(219): Illuminate\Http\Middleware\ValidatePostSize->handle(Object(Illuminate\Http\Request), Object(Closure))
#68 C:\Users\raul_\Documentos\Proyectos\Personal\boda-app\vendor\laravel\framework\src\Illuminate\Foundation\Http\Middleware\PreventRequestsDuringMaintenance.php(109): Illuminate\Pipeline\Pipeline->{closure:{closure:Illuminate\Pipeline\Pipeline::carry():194}:195}(Object(Illuminate\Http\Request))
#69 C:\Users\raul_\Documentos\Proyectos\Personal\boda-app\vendor\laravel\framework\src\Illuminate\Pipeline\Pipeline.php(219): Illuminate\Foundation\Http\Middleware\PreventRequestsDuringMaintenance->handle(Object(Illuminate\Http\Request), Object(Closure))
#70 C:\Users\raul_\Documentos\Proyectos\Personal\boda-app\vendor\laravel\framework\src\Illuminate\Http\Middleware\HandleCors.php(61): Illuminate\Pipeline\Pipeline->{closure:{closure:Illuminate\Pipeline\Pipeline::carry():194}:195}(Object(Illuminate\Http\Request))
#71 C:\Users\raul_\Documentos\Proyectos\Personal\boda-app\vendor\laravel\framework\src\Illuminate\Pipeline\Pipeline.php(219): Illuminate\Http\Middleware\HandleCors->handle(Object(Illuminate\Http\Request), Object(Closure))
#72 C:\Users\raul_\Documentos\Proyectos\Personal\boda-app\vendor\laravel\framework\src\Illuminate\Http\Middleware\TrustProxies.php(58): Illuminate\Pipeline\Pipeline->{closure:{closure:Illuminate\Pipeline\Pipeline::carry():194}:195}(Object(Illuminate\Http\Request))
#73 C:\Users\raul_\Documentos\Proyectos\Personal\boda-app\vendor\laravel\framework\src\Illuminate\Pipeline\Pipeline.php(219): Illuminate\Http\Middleware\TrustProxies->handle(Object(Illuminate\Http\Request), Object(Closure))
#74 C:\Users\raul_\Documentos\Proyectos\Personal\boda-app\vendor\laravel\framework\src\Illuminate\Foundation\Http\Middleware\InvokeDeferredCallbacks.php(22): Illuminate\Pipeline\Pipeline->{closure:{closure:Illuminate\Pipeline\Pipeline::carry():194}:195}(Object(Illuminate\Http\Request))
#75 C:\Users\raul_\Documentos\Proyectos\Personal\boda-app\vendor\laravel\framework\src\Illuminate\Pipeline\Pipeline.php(219): Illuminate\Foundation\Http\Middleware\InvokeDeferredCallbacks->handle(Object(Illuminate\Http\Request), Object(Closure))
#76 C:\Users\raul_\Documentos\Proyectos\Personal\boda-app\vendor\laravel\framework\src\Illuminate\Http\Middleware\ValidatePathEncoding.php(26): Illuminate\Pipeline\Pipeline->{closure:{closure:Illuminate\Pipeline\Pipeline::carry():194}:195}(Object(Illuminate\Http\Request))
#77 C:\Users\raul_\Documentos\Proyectos\Personal\boda-app\vendor\laravel\framework\src\Illuminate\Pipeline\Pipeline.php(219): Illuminate\Http\Middleware\ValidatePathEncoding->handle(Object(Illuminate\Http\Request), Object(Closure))
#78 C:\Users\raul_\Documentos\Proyectos\Personal\boda-app\vendor\laravel\framework\src\Illuminate\Pipeline\Pipeline.php(137): Illuminate\Pipeline\Pipeline->{closure:{closure:Illuminate\Pipeline\Pipeline::carry():194}:195}(Object(Illuminate\Http\Request))
#79 C:\Users\raul_\Documentos\Proyectos\Personal\boda-app\vendor\laravel\framework\src\Illuminate\Foundation\Http\Kernel.php(175): Illuminate\Pipeline\Pipeline->then(Object(Closure))
#80 C:\Users\raul_\Documentos\Proyectos\Personal\boda-app\vendor\laravel\framework\src\Illuminate\Foundation\Http\Kernel.php(144): Illuminate\Foundation\Http\Kernel->sendRequestThroughRouter(Object(Illuminate\Http\Request))
#81 C:\Users\raul_\Documentos\Proyectos\Personal\boda-app\vendor\laravel\framework\src\Illuminate\Foundation\Testing\Concerns\MakesHttpRequests.php(607): Illuminate\Foundation\Http\Kernel->handle(Object(Illuminate\Http\Request))
#82 C:\Users\raul_\Documentos\Proyectos\Personal\boda-app\vendor\laravel\framework\src\Illuminate\Foundation\Testing\Concerns\MakesHttpRequests.php(368): Illuminate\Foundation\Testing\TestCase->call('GET', '/invitados/alej...', Array, Array, Array, Array)
#83 C:\Users\raul_\Documentos\Proyectos\Personal\boda-app\tests\Feature\GuestDetailTest.php(23): Illuminate\Foundation\Testing\TestCase->get('/invitados/alej...')
#84 C:\Users\raul_\Documentos\Proyectos\Personal\boda-app\vendor\pestphp\pest\src\Factories\TestCaseMethodFactory.php(172): P\Tests\Feature\GuestDetailTest->{closure:C:\Users\raul_\Documentos\Proyectos\Personal\boda-app\tests\Feature\GuestDetailTest.php:9}()
#85 [internal function]: P\Tests\Feature\GuestDetailTest->{closure:Pest\Factories\TestCaseMethodFactory::getClosure():162}()
#86 C:\Users\raul_\Documentos\Proyectos\Personal\boda-app\vendor\pestphp\pest\src\Concerns\Testable.php(429): call_user_func_array(Object(Closure), Array)
#87 C:\Users\raul_\Documentos\Proyectos\Personal\boda-app\vendor\pestphp\pest\src\Support\ExceptionTrace.php(26): P\Tests\Feature\GuestDetailTest->{closure:Pest\Concerns\Testable::__callClosure():429}()
#88 C:\Users\raul_\Documentos\Proyectos\Personal\boda-app\vendor\pestphp\pest\src\Concerns\Testable.php(429): Pest\Support\ExceptionTrace::ensure(Object(Closure))
#89 C:\Users\raul_\Documentos\Proyectos\Personal\boda-app\vendor\pestphp\pest\src\Concerns\Testable.php(331): P\Tests\Feature\GuestDetailTest->__callClosure(Object(Closure), Array)
#90 C:\Users\raul_\Documentos\Proyectos\Personal\boda-app\vendor\pestphp\pest\src\Factories\TestCaseFactory.php(170) : eval()'d code(17): P\Tests\Feature\GuestDetailTest->__runTest(Object(Closure))
#91 C:\Users\raul_\Documentos\Proyectos\Personal\boda-app\vendor\phpunit\phpunit\src\Framework\TestCase.php(1332): P\Tests\Feature\GuestDetailTest->__pest_evaluable_authenticated_user_can_view_guest_details_with_all_information()
#92 C:\Users\raul_\Documentos\Proyectos\Personal\boda-app\vendor\phpunit\phpunit\src\Framework\TestCase.php(519): PHPUnit\Framework\TestCase->runTest()
#93 C:\Users\raul_\Documentos\Proyectos\Personal\boda-app\vendor\phpunit\phpunit\src\Framework\TestRunner\TestRunner.php(99): PHPUnit\Framework\TestCase->runBare()
#94 C:\Users\raul_\Documentos\Proyectos\Personal\boda-app\vendor\phpunit\phpunit\src\Framework\TestCase.php(359): PHPUnit\Framework\TestRunner->run(Object(P\Tests\Feature\GuestDetailTest))
#95 C:\Users\raul_\Documentos\Proyectos\Personal\boda-app\vendor\phpunit\phpunit\src\Framework\TestSuite.php(374): PHPUnit\Framework\TestCase->run()
#96 C:\Users\raul_\Documentos\Proyectos\Personal\boda-app\vendor\phpunit\phpunit\src\Framework\TestSuite.php(374): PHPUnit\Framework\TestSuite->run()
#97 C:\Users\raul_\Documentos\Proyectos\Personal\boda-app\vendor\phpunit\phpunit\src\Framework\TestSuite.php(374): PHPUnit\Framework\TestSuite->run()
#98 C:\Users\raul_\Documentos\Proyectos\Personal\boda-app\vendor\phpunit\phpunit\src\TextUI\TestRunner.php(64): PHPUnit\Framework\TestSuite->run()
#99 C:\Users\raul_\Documentos\Proyectos\Personal\boda-app\vendor\phpunit\phpunit\src\TextUI\Application.php(229): PHPUnit\TextUI\TestRunner->run(Object(PHPUnit\TextUI\Configuration\Configuration), Object(PHPUnit\Runner\ResultCache\DefaultResultCache), Object(PHPUnit\Framework\TestSuite))
#100 C:\Users\raul_\Documentos\Proyectos\Personal\boda-app\vendor\pestphp\pest\src\Kernel.php(103): PHPUnit\TextUI\Application->run(Array)
#101 C:\Users\raul_\Documentos\Proyectos\Personal\boda-app\vendor\pestphp\pest\bin\pest(184): Pest\Kernel->handle(Array, Array)
#102 C:\Users\raul_\Documentos\Proyectos\Personal\boda-app\vendor\pestphp\pest\bin\pest(192): {closure:C:\Users\raul_\Documentos\Proyectos\Personal\boda-app\vendor\pestphp\pest\bin\pest:18}()
#103 {main}

Next Illuminate\View\ViewException: Flux component [icon.users-2] does not exist. (View: C:\Users\raul_\Documentos\Proyectos\Personal\boda-app\resources\views\components\layouts\app.blade.php) (View: C:\Users\raul_\Documentos\Proyectos\Personal\boda-app\resources\views\components\layouts\app.blade.php) in C:\Users\raul_\Documentos\Proyectos\Personal\boda-app\storage\framework\views\4bf822f5ef0a65175769cf205115fa01.php:40
Stack trace:
#0 C:\Users\raul_\Documentos\Proyectos\Personal\boda-app\vendor\livewire\livewire\src\Mechanisms\ExtendBlade\ExtendedCompilerEngine.php(58): Illuminate\View\Engines\CompilerEngine->handleViewException(Object(Illuminate\View\ViewException), 2)
#1 C:\Users\raul_\Documentos\Proyectos\Personal\boda-app\vendor\laravel\framework\src\Illuminate\View\Engines\PhpEngine.php(59): Livewire\Mechanisms\ExtendBlade\ExtendedCompilerEngine->handleViewException(Object(Illuminate\View\ViewException), 2)
#2 C:\Users\raul_\Documentos\Proyectos\Personal\boda-app\vendor\livewire\livewire\src\Mechanisms\ExtendBlade\ExtendedCompilerEngine.php(22): Illuminate\View\Engines\PhpEngine->evaluatePath('C:\\Users\\raul_\\...', Array)
#3 C:\Users\raul_\Documentos\Proyectos\Personal\boda-app\vendor\laravel\framework\src\Illuminate\View\Engines\CompilerEngine.php(76): Livewire\Mechanisms\ExtendBlade\ExtendedCompilerEngine->evaluatePath('C:\\Users\\raul_\\...', Array)
#4 C:\Users\raul_\Documentos\Proyectos\Personal\boda-app\vendor\livewire\livewire\src\Mechanisms\ExtendBlade\ExtendedCompilerEngine.php(10): Illuminate\View\Engines\CompilerEngine->get('C:\\Users\\raul_\\...', Array)
#5 C:\Users\raul_\Documentos\Proyectos\Personal\boda-app\vendor\laravel\framework\src\Illuminate\View\View.php(208): Livewire\Mechanisms\ExtendBlade\ExtendedCompilerEngine->get('C:\\Users\\raul_\\...', Array)
#6 C:\Users\raul_\Documentos\Proyectos\Personal\boda-app\vendor\laravel\framework\src\Illuminate\View\View.php(191): Illuminate\View\View->getContents()
#7 C:\Users\raul_\Documentos\Proyectos\Personal\boda-app\vendor\laravel\framework\src\Illuminate\View\View.php(160): Illuminate\View\View->renderContents()
#8 C:\Users\raul_\Documentos\Proyectos\Personal\boda-app\vendor\laravel\framework\src\Illuminate\Http\Response.php(78): Illuminate\View\View->render()
#9 C:\Users\raul_\Documentos\Proyectos\Personal\boda-app\vendor\laravel\framework\src\Illuminate\Http\Response.php(34): Illuminate\Http\Response->setContent(Object(Illuminate\View\View))
#10 C:\Users\raul_\Documentos\Proyectos\Personal\boda-app\vendor\laravel\framework\src\Illuminate\Routing\Router.php(939): Illuminate\Http\Response->__construct(Object(Illuminate\View\View), 200, Array)
#11 C:\Users\raul_\Documentos\Proyectos\Personal\boda-app\vendor\laravel\framework\src\Illuminate\Support\Facades\Facade.php(363): Illuminate\Routing\Router::toResponse(Object(Illuminate\Http\Request), Object(Illuminate\View\View))
#12 C:\Users\raul_\Documentos\Proyectos\Personal\boda-app\vendor\laravel\folio\src\RequestHandler.php(102): Illuminate\Support\Facades\Facade::__callStatic('toResponse', Array)
#13 C:\Users\raul_\Documentos\Proyectos\Personal\boda-app\vendor\laravel\folio\src\RequestHandler.php(62): Laravel\Folio\RequestHandler->toResponse(Object(Illuminate\Http\Request), Object(Laravel\Folio\Pipeline\MatchedView))
#14 C:\Users\raul_\Documentos\Proyectos\Personal\boda-app\vendor\laravel\framework\src\Illuminate\Pipeline\Pipeline.php(180): Laravel\Folio\RequestHandler->{closure:Laravel\Folio\RequestHandler::__invoke():55}(Object(Illuminate\Http\Request))
#15 C:\Users\raul_\Documentos\Proyectos\Personal\boda-app\vendor\laravel\framework\src\Illuminate\Auth\Middleware\EnsureEmailIsVerified.php(41): Illuminate\Pipeline\Pipeline->{closure:Illuminate\Pipeline\Pipeline::prepareDestination():178}(Object(Illuminate\Http\Request))
#16 C:\Users\raul_\Documentos\Proyectos\Personal\boda-app\vendor\laravel\framework\src\Illuminate\Pipeline\Pipeline.php(219): Illuminate\Auth\Middleware\EnsureEmailIsVerified->handle(Object(Illuminate\Http\Request), Object(Closure))
#17 C:\Users\raul_\Documentos\Proyectos\Personal\boda-app\vendor\laravel\framework\src\Illuminate\Routing\Middleware\SubstituteBindings.php(50): Illuminate\Pipeline\Pipeline->{closure:{closure:Illuminate\Pipeline\Pipeline::carry():194}:195}(Object(Illuminate\Http\Request))
#18 C:\Users\raul_\Documentos\Proyectos\Personal\boda-app\vendor\laravel\framework\src\Illuminate\Pipeline\Pipeline.php(219): Illuminate\Routing\Middleware\SubstituteBindings->handle(Object(Illuminate\Http\Request), Object(Closure))
#19 C:\Users\raul_\Documentos\Proyectos\Personal\boda-app\vendor\laravel\framework\src\Illuminate\Auth\Middleware\Authenticate.php(63): Illuminate\Pipeline\Pipeline->{closure:{closure:Illuminate\Pipeline\Pipeline::carry():194}:195}(Object(Illuminate\Http\Request))
#20 C:\Users\raul_\Documentos\Proyectos\Personal\boda-app\vendor\laravel\framework\src\Illuminate\Pipeline\Pipeline.php(219): Illuminate\Auth\Middleware\Authenticate->handle(Object(Illuminate\Http\Request), Object(Closure))
#21 C:\Users\raul_\Documentos\Proyectos\Personal\boda-app\vendor\laravel\framework\src\Illuminate\Foundation\Http\Middleware\VerifyCsrfToken.php(87): Illuminate\Pipeline\Pipeline->{closure:{closure:Illuminate\Pipeline\Pipeline::carry():194}:195}(Object(Illuminate\Http\Request))
#22 C:\Users\raul_\Documentos\Proyectos\Personal\boda-app\vendor\laravel\framework\src\Illuminate\Pipeline\Pipeline.php(219): Illuminate\Foundation\Http\Middleware\VerifyCsrfToken->handle(Object(Illuminate\Http\Request), Object(Closure))
#23 C:\Users\raul_\Documentos\Proyectos\Personal\boda-app\vendor\laravel\framework\src\Illuminate\View\Middleware\ShareErrorsFromSession.php(48): Illuminate\Pipeline\Pipeline->{closure:{closure:Illuminate\Pipeline\Pipeline::carry():194}:195}(Object(Illuminate\Http\Request))
#24 C:\Users\raul_\Documentos\Proyectos\Personal\boda-app\vendor\laravel\framework\src\Illuminate\Pipeline\Pipeline.php(219): Illuminate\View\Middleware\ShareErrorsFromSession->handle(Object(Illuminate\Http\Request), Object(Closure))
#25 C:\Users\raul_\Documentos\Proyectos\Personal\boda-app\vendor\laravel\framework\src\Illuminate\Session\Middleware\StartSession.php(120): Illuminate\Pipeline\Pipeline->{closure:{closure:Illuminate\Pipeline\Pipeline::carry():194}:195}(Object(Illuminate\Http\Request))
#26 C:\Users\raul_\Documentos\Proyectos\Personal\boda-app\vendor\laravel\framework\src\Illuminate\Session\Middleware\StartSession.php(63): Illuminate\Session\Middleware\StartSession->handleStatefulRequest(Object(Illuminate\Http\Request), Object(Illuminate\Session\Store), Object(Closure))
#27 C:\Users\raul_\Documentos\Proyectos\Personal\boda-app\vendor\laravel\framework\src\Illuminate\Pipeline\Pipeline.php(219): Illuminate\Session\Middleware\StartSession->handle(Object(Illuminate\Http\Request), Object(Closure))
#28 C:\Users\raul_\Documentos\Proyectos\Personal\boda-app\vendor\laravel\framework\src\Illuminate\Cookie\Middleware\AddQueuedCookiesToResponse.php(36): Illuminate\Pipeline\Pipeline->{closure:{closure:Illuminate\Pipeline\Pipeline::carry():194}:195}(Object(Illuminate\Http\Request))
#29 C:\Users\raul_\Documentos\Proyectos\Personal\boda-app\vendor\laravel\framework\src\Illuminate\Pipeline\Pipeline.php(219): Illuminate\Cookie\Middleware\AddQueuedCookiesToResponse->handle(Object(Illuminate\Http\Request), Object(Closure))
#30 C:\Users\raul_\Documentos\Proyectos\Personal\boda-app\vendor\laravel\framework\src\Illuminate\Cookie\Middleware\EncryptCookies.php(74): Illuminate\Pipeline\Pipeline->{closure:{closure:Illuminate\Pipeline\Pipeline::carry():194}:195}(Object(Illuminate\Http\Request))
#31 C:\Users\raul_\Documentos\Proyectos\Personal\boda-app\vendor\laravel\framework\src\Illuminate\Pipeline\Pipeline.php(219): Illuminate\Cookie\Middleware\EncryptCookies->handle(Object(Illuminate\Http\Request), Object(Closure))
#32 C:\Users\raul_\Documentos\Proyectos\Personal\boda-app\vendor\laravel\framework\src\Illuminate\Pipeline\Pipeline.php(137): Illuminate\Pipeline\Pipeline->{closure:{closure:Illuminate\Pipeline\Pipeline::carry():194}:195}(Object(Illuminate\Http\Request))
#33 C:\Users\raul_\Documentos\Proyectos\Personal\boda-app\vendor\laravel\folio\src\RequestHandler.php(55): Illuminate\Pipeline\Pipeline->then(Object(Closure))
#34 C:\Users\raul_\Documentos\Proyectos\Personal\boda-app\vendor\laravel\folio\src\FolioManager.php(93): Laravel\Folio\RequestHandler->__invoke(Object(Illuminate\Http\Request))
#35 C:\Users\raul_\Documentos\Proyectos\Personal\boda-app\vendor\laravel\framework\src\Illuminate\Routing\CallableDispatcher.php(39): Laravel\Folio\FolioManager->{closure:Laravel\Folio\FolioManager::handler():82}(Object(Illuminate\Http\Request), 'invitados/aleja...')
#36 C:\Users\raul_\Documentos\Proyectos\Personal\boda-app\vendor\laravel\framework\src\Illuminate\Routing\Route.php(243): Illuminate\Routing\CallableDispatcher->dispatch(Object(Illuminate\Routing\Route), Object(Closure))
#37 C:\Users\raul_\Documentos\Proyectos\Personal\boda-app\vendor\laravel\framework\src\Illuminate\Routing\Route.php(214): Illuminate\Routing\Route->runCallable()
#38 C:\Users\raul_\Documentos\Proyectos\Personal\boda-app\vendor\laravel\framework\src\Illuminate\Routing\Router.php(822): Illuminate\Routing\Route->run()
#39 C:\Users\raul_\Documentos\Proyectos\Personal\boda-app\vendor\laravel\framework\src\Illuminate\Pipeline\Pipeline.php(180): Illuminate\Routing\Router->{closure:Illuminate\Routing\Router::runRouteWithinStack():821}(Object(Illuminate\Http\Request))
#40 C:\Users\raul_\Documentos\Proyectos\Personal\boda-app\vendor\laravel\framework\src\Illuminate\Pipeline\Pipeline.php(137): Illuminate\Pipeline\Pipeline->{closure:Illuminate\Pipeline\Pipeline::prepareDestination():178}(Object(Illuminate\Http\Request))
#41 C:\Users\raul_\Documentos\Proyectos\Personal\boda-app\vendor\laravel\framework\src\Illuminate\Routing\Router.php(821): Illuminate\Pipeline\Pipeline->then(Object(Closure))
#42 C:\Users\raul_\Documentos\Proyectos\Personal\boda-app\vendor\laravel\framework\src\Illuminate\Routing\Router.php(800): Illuminate\Routing\Router->runRouteWithinStack(Object(Illuminate\Routing\Route), Object(Illuminate\Http\Request))
#43 C:\Users\raul_\Documentos\Proyectos\Personal\boda-app\vendor\laravel\framework\src\Illuminate\Routing\Router.php(764): Illuminate\Routing\Router->runRoute(Object(Illuminate\Http\Request), Object(Illuminate\Routing\Route))
#44 C:\Users\raul_\Documentos\Proyectos\Personal\boda-app\vendor\laravel\framework\src\Illuminate\Routing\Router.php(753): Illuminate\Routing\Router->dispatchToRoute(Object(Illuminate\Http\Request))
#45 C:\Users\raul_\Documentos\Proyectos\Personal\boda-app\vendor\laravel\framework\src\Illuminate\Foundation\Http\Kernel.php(200): Illuminate\Routing\Router->dispatch(Object(Illuminate\Http\Request))
#46 C:\Users\raul_\Documentos\Proyectos\Personal\boda-app\vendor\laravel\framework\src\Illuminate\Pipeline\Pipeline.php(180): Illuminate\Foundation\Http\Kernel->{closure:Illuminate\Foundation\Http\Kernel::dispatchToRouter():197}(Object(Illuminate\Http\Request))
#47 C:\Users\raul_\Documentos\Proyectos\Personal\boda-app\vendor\livewire\livewire\src\Features\SupportDisablingBackButtonCache\DisableBackButtonCacheMiddleware.php(19): Illuminate\Pipeline\Pipeline->{closure:Illuminate\Pipeline\Pipeline::prepareDestination():178}(Object(Illuminate\Http\Request))
#48 C:\Users\raul_\Documentos\Proyectos\Personal\boda-app\vendor\laravel\framework\src\Illuminate\Pipeline\Pipeline.php(219): Livewire\Features\SupportDisablingBackButtonCache\DisableBackButtonCacheMiddleware->handle(Object(Illuminate\Http\Request), Object(Closure))
#49 C:\Users\raul_\Documentos\Proyectos\Personal\boda-app\vendor\laravel\framework\src\Illuminate\Foundation\Http\Middleware\TransformsRequest.php(21): Illuminate\Pipeline\Pipeline->{closure:{closure:Illuminate\Pipeline\Pipeline::carry():194}:195}(Object(Illuminate\Http\Request))
#50 C:\Users\raul_\Documentos\Proyectos\Personal\boda-app\vendor\laravel\framework\src\Illuminate\Foundation\Http\Middleware\ConvertEmptyStringsToNull.php(31): Illuminate\Foundation\Http\Middleware\TransformsRequest->handle(Object(Illuminate\Http\Request), Object(Closure))
#51 C:\Users\raul_\Documentos\Proyectos\Personal\boda-app\vendor\laravel\framework\src\Illuminate\Pipeline\Pipeline.php(219): Illuminate\Foundation\Http\Middleware\ConvertEmptyStringsToNull->handle(Object(Illuminate\Http\Request), Object(Closure))
#52 C:\Users\raul_\Documentos\Proyectos\Personal\boda-app\vendor\laravel\framework\src\Illuminate\Foundation\Http\Middleware\TransformsRequest.php(21): Illuminate\Pipeline\Pipeline->{closure:{closure:Illuminate\Pipeline\Pipeline::carry():194}:195}(Object(Illuminate\Http\Request))
#53 C:\Users\raul_\Documentos\Proyectos\Personal\boda-app\vendor\laravel\framework\src\Illuminate\Foundation\Http\Middleware\TrimStrings.php(51): Illuminate\Foundation\Http\Middleware\TransformsRequest->handle(Object(Illuminate\Http\Request), Object(Closure))
#54 C:\Users\raul_\Documentos\Proyectos\Personal\boda-app\vendor\laravel\framework\src\Illuminate\Pipeline\Pipeline.php(219): Illuminate\Foundation\Http\Middleware\TrimStrings->handle(Object(Illuminate\Http\Request), Object(Closure))
#55 C:\Users\raul_\Documentos\Proyectos\Personal\boda-app\vendor\laravel\framework\src\Illuminate\Http\Middleware\ValidatePostSize.php(27): Illuminate\Pipeline\Pipeline->{closure:{closure:Illuminate\Pipeline\Pipeline::carry():194}:195}(Object(Illuminate\Http\Request))
#56 C:\Users\raul_\Documentos\Proyectos\Personal\boda-app\vendor\laravel\framework\src\Illuminate\Pipeline\Pipeline.php(219): Illuminate\Http\Middleware\ValidatePostSize->handle(Object(Illuminate\Http\Request), Object(Closure))
#57 C:\Users\raul_\Documentos\Proyectos\Personal\boda-app\vendor\laravel\framework\src\Illuminate\Foundation\Http\Middleware\PreventRequestsDuringMaintenance.php(109): Illuminate\Pipeline\Pipeline->{closure:{closure:Illuminate\Pipeline\Pipeline::carry():194}:195}(Object(Illuminate\Http\Request))
#58 C:\Users\raul_\Documentos\Proyectos\Personal\boda-app\vendor\laravel\framework\src\Illuminate\Pipeline\Pipeline.php(219): Illuminate\Foundation\Http\Middleware\PreventRequestsDuringMaintenance->handle(Object(Illuminate\Http\Request), Object(Closure))
#59 C:\Users\raul_\Documentos\Proyectos\Personal\boda-app\vendor\laravel\framework\src\Illuminate\Http\Middleware\HandleCors.php(61): Illuminate\Pipeline\Pipeline->{closure:{closure:Illuminate\Pipeline\Pipeline::carry():194}:195}(Object(Illuminate\Http\Request))
#60 C:\Users\raul_\Documentos\Proyectos\Personal\boda-app\vendor\laravel\framework\src\Illuminate\Pipeline\Pipeline.php(219): Illuminate\Http\Middleware\HandleCors->handle(Object(Illuminate\Http\Request), Object(Closure))
#61 C:\Users\raul_\Documentos\Proyectos\Personal\boda-app\vendor\laravel\framework\src\Illuminate\Http\Middleware\TrustProxies.php(58): Illuminate\Pipeline\Pipeline->{closure:{closure:Illuminate\Pipeline\Pipeline::carry():194}:195}(Object(Illuminate\Http\Request))
#62 C:\Users\raul_\Documentos\Proyectos\Personal\boda-app\vendor\laravel\framework\src\Illuminate\Pipeline\Pipeline.php(219): Illuminate\Http\Middleware\TrustProxies->handle(Object(Illuminate\Http\Request), Object(Closure))
#63 C:\Users\raul_\Documentos\Proyectos\Personal\boda-app\vendor\laravel\framework\src\Illuminate\Foundation\Http\Middleware\InvokeDeferredCallbacks.php(22): Illuminate\Pipeline\Pipeline->{closure:{closure:Illuminate\Pipeline\Pipeline::carry():194}:195}(Object(Illuminate\Http\Request))
#64 C:\Users\raul_\Documentos\Proyectos\Personal\boda-app\vendor\laravel\framework\src\Illuminate\Pipeline\Pipeline.php(219): Illuminate\Foundation\Http\Middleware\InvokeDeferredCallbacks->handle(Object(Illuminate\Http\Request), Object(Closure))
#65 C:\Users\raul_\Documentos\Proyectos\Personal\boda-app\vendor\laravel\framework\src\Illuminate\Http\Middleware\ValidatePathEncoding.php(26): Illuminate\Pipeline\Pipeline->{closure:{closure:Illuminate\Pipeline\Pipeline::carry():194}:195}(Object(Illuminate\Http\Request))
#66 C:\Users\raul_\Documentos\Proyectos\Personal\boda-app\vendor\laravel\framework\src\Illuminate\Pipeline\Pipeline.php(219): Illuminate\Http\Middleware\ValidatePathEncoding->handle(Object(Illuminate\Http\Request), Object(Closure))
#67 C:\Users\raul_\Documentos\Proyectos\Personal\boda-app\vendor\laravel\framework\src\Illuminate\Pipeline\Pipeline.php(137): Illuminate\Pipeline\Pipeline->{closure:{closure:Illuminate\Pipeline\Pipeline::carry():194}:195}(Object(Illuminate\Http\Request))
#68 C:\Users\raul_\Documentos\Proyectos\Personal\boda-app\vendor\laravel\framework\src\Illuminate\Foundation\Http\Kernel.php(175): Illuminate\Pipeline\Pipeline->then(Object(Closure))
#69 C:\Users\raul_\Documentos\Proyectos\Personal\boda-app\vendor\laravel\framework\src\Illuminate\Foundation\Http\Kernel.php(144): Illuminate\Foundation\Http\Kernel->sendRequestThroughRouter(Object(Illuminate\Http\Request))
#70 C:\Users\raul_\Documentos\Proyectos\Personal\boda-app\vendor\laravel\framework\src\Illuminate\Foundation\Testing\Concerns\MakesHttpRequests.php(607): Illuminate\Foundation\Http\Kernel->handle(Object(Illuminate\Http\Request))
#71 C:\Users\raul_\Documentos\Proyectos\Personal\boda-app\vendor\laravel\framework\src\Illuminate\Foundation\Testing\Concerns\MakesHttpRequests.php(368): Illuminate\Foundation\Testing\TestCase->call('GET', '/invitados/alej...', Array, Array, Array, Array)
#72 C:\Users\raul_\Documentos\Proyectos\Personal\boda-app\tests\Feature\GuestDetailTest.php(23): Illuminate\Foundation\Testing\TestCase->get('/invitados/alej...')
#73 C:\Users\raul_\Documentos\Proyectos\Personal\boda-app\vendor\pestphp\pest\src\Factories\TestCaseMethodFactory.php(172): P\Tests\Feature\GuestDetailTest->{closure:C:\Users\raul_\Documentos\Proyectos\Personal\boda-app\tests\Feature\GuestDetailTest.php:9}()
#74 [internal function]: P\Tests\Feature\GuestDetailTest->{closure:Pest\Factories\TestCaseMethodFactory::getClosure():162}()
#75 C:\Users\raul_\Documentos\Proyectos\Personal\boda-app\vendor\pestphp\pest\src\Concerns\Testable.php(429): call_user_func_array(Object(Closure), Array)
#76 C:\Users\raul_\Documentos\Proyectos\Personal\boda-app\vendor\pestphp\pest\src\Support\ExceptionTrace.php(26): P\Tests\Feature\GuestDetailTest->{closure:Pest\Concerns\Testable::__callClosure():429}()
#77 C:\Users\raul_\Documentos\Proyectos\Personal\boda-app\vendor\pestphp\pest\src\Concerns\Testable.php(429): Pest\Support\ExceptionTrace::ensure(Object(Closure))
#78 C:\Users\raul_\Documentos\Proyectos\Personal\boda-app\vendor\pestphp\pest\src\Concerns\Testable.php(331): P\Tests\Feature\GuestDetailTest->__callClosure(Object(Closure), Array)
#79 C:\Users\raul_\Documentos\Proyectos\Personal\boda-app\vendor\pestphp\pest\src\Factories\TestCaseFactory.php(170) : eval()'d code(17): P\Tests\Feature\GuestDetailTest->__runTest(Object(Closure))
#80 C:\Users\raul_\Documentos\Proyectos\Personal\boda-app\vendor\phpunit\phpunit\src\Framework\TestCase.php(1332): P\Tests\Feature\GuestDetailTest->__pest_evaluable_authenticated_user_can_view_guest_details_with_all_information()
#81 C:\Users\raul_\Documentos\Proyectos\Personal\boda-app\vendor\phpunit\phpunit\src\Framework\TestCase.php(519): PHPUnit\Framework\TestCase->runTest()
#82 C:\Users\raul_\Documentos\Proyectos\Personal\boda-app\vendor\phpunit\phpunit\src\Framework\TestRunner\TestRunner.php(99): PHPUnit\Framework\TestCase->runBare()
#83 C:\Users\raul_\Documentos\Proyectos\Personal\boda-app\vendor\phpunit\phpunit\src\Framework\TestCase.php(359): PHPUnit\Framework\TestRunner->run(Object(P\Tests\Feature\GuestDetailTest))
#84 C:\Users\raul_\Documentos\Proyectos\Personal\boda-app\vendor\phpunit\phpunit\src\Framework\TestSuite.php(374): PHPUnit\Framework\TestCase->run()
#85 C:\Users\raul_\Documentos\Proyectos\Personal\boda-app\vendor\phpunit\phpunit\src\Framework\TestSuite.php(374): PHPUnit\Framework\TestSuite->run()
#86 C:\Users\raul_\Documentos\Proyectos\Personal\boda-app\vendor\phpunit\phpunit\src\Framework\TestSuite.php(374): PHPUnit\Framework\TestSuite->run()
#87 C:\Users\raul_\Documentos\Proyectos\Personal\boda-app\vendor\phpunit\phpunit\src\TextUI\TestRunner.php(64): PHPUnit\Framework\TestSuite->run()
#88 C:\Users\raul_\Documentos\Proyectos\Personal\boda-app\vendor\phpunit\phpunit\src\TextUI\Application.php(229): PHPUnit\TextUI\TestRunner->run(Object(PHPUnit\TextUI\Configuration\Configuration), Object(PHPUnit\Runner\ResultCache\DefaultResultCache), Object(PHPUnit\Framework\TestSuite))
#89 C:\Users\raul_\Documentos\Proyectos\Personal\boda-app\vendor\pestphp\pest\src\Kernel.php(103): PHPUnit\TextUI\Application->run(Array)
#90 C:\Users\raul_\Documentos\Proyectos\Personal\boda-app\vendor\pestphp\pest\bin\pest(184): Pest\Kernel->handle(Array, Array)
#91 C:\Users\raul_\Documentos\Proyectos\Personal\boda-app\vendor\pestphp\pest\bin\pest(192): {closure:C:\Users\raul_\Documentos\Proyectos\Personal\boda-app\vendor\pestphp\pest\bin\pest:18}()
#92 {main}

----------------------------------------------------------------------------------

Flux component [icon.users-2] does not exist. (View: C:\Users\raul_\Documentos\Proyectos\Personal\boda-app\resources\views\components\layouts\app.blade.php) (View: C:\Users\raul_\Documentos\Proyectos\Personal\boda-app\resources\views\components\layouts\app.blade.php)

  at tests\Feature\GuestDetailTest.php:25
     21Ôûò     ]);
     22Ôûò 
     23Ôûò     $response = $this->get('/invitados/alejandro');
     24Ôûò 
  Ô×£  25Ôûò     $response->assertStatus(200)
     26Ôûò         ->assertSee('Alejandro Garcia')
     27Ôûò         ->assertSee('alejandro@example.com')
     28Ôûò         ->assertSee('1234567890')
     29Ôûò         ->assertSee('Vegetariano')


  Tests:    1 failed (1 assertions)
  Duration: 1.40s

